============================= test session starts ==============================
platform linux -- Python 3.12.12, pytest-9.0.2, pluggy-1.6.0
rootdir: /app
configfile: pytest.ini (WARNING: ignoring pytest config in setup.cfg!)
plugins: anyio-4.12.1, asyncio-1.3.0
asyncio: mode=Mode.STRICT, debug=False, asyncio_default_fixture_loop_scope=None, asyncio_default_test_loop_scope=function
collected 5 items

tests/core/test_ai_engine.py .....                                       [100%]

============================== 5 passed in 0.10s ===============================
